  |                                                                         |                                                                 |   0%  |                                                                         |...........                                                      |  17%
   inline R code fragments

  |                                                                         |......................                                           |  33%
label: unnamed-chunk-1 (with options) 
List of 1
 $ echo: logi FALSE

  |                                                                         |................................                                 |  50%
   inline R code fragments

  |                                                                         |...........................................                      |  67%
label: unnamed-chunk-2 (with options) 
List of 4
 $ echo     : logi FALSE
 $ fig.width: num 2
 $ message  : logi FALSE
 $ warning  : logi FALSE

  |                                                                         |......................................................           |  83%
  ordinary text without R code

  |                                                                         |.................................................................| 100%
label: unnamed-chunk-3 (with options) 
List of 2
 $ eval : logi TRUE
 $ child: symbol scripts

  |                                                                         |                                                                 |   0%  |                                                                         |................................                                 |  50%
  ordinary text without R code

  |                                                                         |.................................................................| 100%
label: unnamed-chunk-4 (with options) 
List of 1
 $ echo: logi FALSE


  |                                                                         |                                                                 |   0%  |                                                                         |...........                                                      |  17%
  ordinary text without R code

  |                                                                         |......................                                           |  33%
label: unnamed-chunk-5 (with options) 
List of 1
 $ echo: logi FALSE

  |                                                                         |................................                                 |  50%
   inline R code fragments

  |                                                                         |...........................................                      |  67%
label: unnamed-chunk-6 (with options) 
List of 4
 $ echo     : logi FALSE
 $ fig.width: num 2
 $ message  : logi FALSE
 $ warning  : logi FALSE

  |                                                                         |......................................................           |  83%
  ordinary text without R code

  |                                                                         |.................................................................| 100%
label: unnamed-chunk-7 (with options) 
List of 2
 $ eval : logi TRUE
 $ child: symbol scripts

  |                                                                         |                                                                 |   0%  |                                                                         |..                                                               |   4%
  ordinary text without R code

  |                                                                         |.....                                                            |   8%
label: unnamed-chunk-8 (with options) 
List of 1
 $ eval: logi TRUE

  |                                                                         |........                                                         |  12%
  ordinary text without R code

  |                                                                         |..........                                                       |  15%
label: unnamed-chunk-9
  |                                                                         |............                                                     |  19%
  ordinary text without R code

  |                                                                         |...............                                                  |  23%
label: unnamed-chunk-10
  |                                                                         |..................                                               |  27%
  ordinary text without R code

  |                                                                         |....................                                             |  31%
label: unnamed-chunk-11
  |                                                                         |......................                                           |  35%
  ordinary text without R code

  |                                                                         |.........................                                        |  38%
label: unnamed-chunk-12 (with options) 
List of 1
 $ results: chr "hide"

  |                                                                         |............................                                     |  42%
  ordinary text without R code

  |                                                                         |..............................                                   |  46%
label: unnamed-chunk-13
  |                                                                         |................................                                 |  50%
  ordinary text without R code

  |                                                                         |...................................                              |  54%
label: unnamed-chunk-14
  |                                                                         |......................................                           |  58%
  ordinary text without R code

  |                                                                         |........................................                         |  62%
label: unnamed-chunk-15 (with options) 
List of 1
 $ results: chr "asis"

  |                                                                         |..........................................                       |  65%
  ordinary text without R code

  |                                                                         |.............................................                    |  69%
label: unnamed-chunk-16
  |                                                                         |................................................                 |  73%
  ordinary text without R code

  |                                                                         |..................................................               |  77%
label: unnamed-chunk-17 (with options) 
List of 1
 $ results: chr "asis"

  |                                                                         |....................................................             |  81%
  ordinary text without R code

  |                                                                         |.......................................................          |  85%
label: unnamed-chunk-18
  |                                                                         |..........................................................       |  88%
  ordinary text without R code

  |                                                                         |............................................................     |  92%
label: unnamed-chunk-19
  |                                                                         |..............................................................   |  96%
  ordinary text without R code

  |                                                                         |.................................................................| 100%
label: unnamed-chunk-20

  |                                                                         |                                                                 |   0%  |                                                                         |....                                                             |   6%
  ordinary text without R code

  |                                                                         |........                                                         |  12%
label: unnamed-chunk-21
  |                                                                         |............                                                     |  19%
  ordinary text without R code

  |                                                                         |................                                                 |  25%
label: unnamed-chunk-22 (with options) 
List of 1
 $ results: chr "hide"

  |                                                                         |....................                                             |  31%
  ordinary text without R code

  |                                                                         |........................                                         |  38%
label: unnamed-chunk-23
  |                                                                         |............................                                     |  44%
  ordinary text without R code

  |                                                                         |................................                                 |  50%
label: unnamed-chunk-24
  |                                                                         |.....................................                            |  56%
  ordinary text without R code

  |                                                                         |.........................................                        |  62%
label: unnamed-chunk-25
  |                                                                         |.............................................                    |  69%
  ordinary text without R code

  |                                                                         |.................................................                |  75%
label: unnamed-chunk-26 (with options) 
List of 1
 $ results: chr "hide"

  |                                                                         |.....................................................            |  81%
  ordinary text without R code

  |                                                                         |.........................................................        |  88%
label: unnamed-chunk-27
  |                                                                         |.............................................................    |  94%
  ordinary text without R code

  |                                                                         |.................................................................| 100%
label: unnamed-chunk-28

  |                                                                         |                                                                 |   0%  |                                                                         |...                                                              |   5%
  ordinary text without R code

  |                                                                         |......                                                           |  10%
label: unnamed-chunk-29
  |                                                                         |..........                                                       |  15%
  ordinary text without R code

  |                                                                         |.............                                                    |  20%
label: unnamed-chunk-30
  |                                                                         |................                                                 |  25%
  ordinary text without R code

  |                                                                         |....................                                             |  30%
label: unnamed-chunk-31
  |                                                                         |.......................                                          |  35%
  ordinary text without R code

  |                                                                         |..........................                                       |  40%
label: unnamed-chunk-32
  |                                                                         |.............................                                    |  45%
  ordinary text without R code

  |                                                                         |................................                                 |  50%
label: unnamed-chunk-33
  |                                                                         |....................................                             |  55%
  ordinary text without R code

  |                                                                         |.......................................                          |  60%
label: unnamed-chunk-34
  |                                                                         |..........................................                       |  65%
  ordinary text without R code

  |                                                                         |..............................................                   |  70%
label: unnamed-chunk-35
  |                                                                         |.................................................                |  75%
  ordinary text without R code

  |                                                                         |....................................................             |  80%
label: unnamed-chunk-36
  |                                                                         |.......................................................          |  85%
  ordinary text without R code

  |                                                                         |..........................................................       |  90%
label: unnamed-chunk-37
  |                                                                         |..............................................................   |  95%
  ordinary text without R code

  |                                                                         |.................................................................| 100%
label: unnamed-chunk-38

  |                                                                         |                                                                 |   0%  |                                                                         |...                                                              |   5%
  ordinary text without R code

  |                                                                         |......                                                           |  10%
label: unnamed-chunk-39
  |                                                                         |..........                                                       |  15%
  ordinary text without R code

  |                                                                         |.............                                                    |  20%
label: unnamed-chunk-40
  |                                                                         |................                                                 |  25%
  ordinary text without R code

  |                                                                         |....................                                             |  30%
label: unnamed-chunk-41 (with options) 
List of 1
 $ results: chr "hide"

  |                                                                         |.......................                                          |  35%
  ordinary text without R code

  |                                                                         |..........................                                       |  40%
label: unnamed-chunk-42
  |                                                                         |.............................                                    |  45%
  ordinary text without R code

  |                                                                         |................................                                 |  50%
label: unnamed-chunk-43
  |                                                                         |....................................                             |  55%
  ordinary text without R code

  |                                                                         |.......................................                          |  60%
label: unnamed-chunk-44
  |                                                                         |..........................................                       |  65%
  ordinary text without R code

  |                                                                         |..............................................                   |  70%
label: unnamed-chunk-45
  |                                                                         |.................................................                |  75%
  ordinary text without R code

  |                                                                         |....................................................             |  80%
label: unnamed-chunk-46
  |                                                                         |.......................................................          |  85%
  ordinary text without R code

  |                                                                         |..........................................................       |  90%
label: unnamed-chunk-47
  |                                                                         |..............................................................   |  95%
  ordinary text without R code

  |                                                                         |.................................................................| 100%
label: unnamed-chunk-48

  |                                                                         |                                                                 |   0%  |                                                                         |................                                                 |  25%
  ordinary text without R code

  |                                                                         |................................                                 |  50%
label: unnamed-chunk-49 (with options) 
List of 1
 $ results: chr "asis"

  |                                                                         |.................................................                |  75%
  ordinary text without R code

  |                                                                         |.................................................................| 100%
label: unnamed-chunk-50 (with options) 
List of 1
 $ results: chr "asis"


  |                                                                         |                                                                 |   0%  |                                                                         |...                                                              |   4%
  ordinary text without R code

  |                                                                         |.....                                                            |   8%
label: unnamed-chunk-51
  |                                                                         |........                                                         |  12%
  ordinary text without R code

  |                                                                         |...........                                                      |  17%
label: unnamed-chunk-52
  |                                                                         |..............                                                   |  21%
  ordinary text without R code

  |                                                                         |................                                                 |  25%
label: unnamed-chunk-53
  |                                                                         |...................                                              |  29%
  ordinary text without R code

  |                                                                         |......................                                           |  33%
label: unnamed-chunk-54
  |                                                                         |........................                                         |  38%
  ordinary text without R code

  |                                                                         |...........................                                      |  42%
label: unnamed-chunk-55
  |                                                                         |..............................                                   |  46%
  ordinary text without R code

  |                                                                         |................................                                 |  50%
label: unnamed-chunk-56
  |                                                                         |...................................                              |  54%
  ordinary text without R code

  |                                                                         |......................................                           |  58%
label: unnamed-chunk-57 (with options) 
List of 1
 $ results: chr "asis"

  |                                                                         |.........................................                        |  62%
  ordinary text without R code

  |                                                                         |...........................................                      |  67%
label: unnamed-chunk-58 (with options) 
List of 1
 $ eval: logi FALSE

  |                                                                         |..............................................                   |  71%
  ordinary text without R code

  |                                                                         |.................................................                |  75%
label: unnamed-chunk-59
  |                                                                         |...................................................              |  79%
  ordinary text without R code

  |                                                                         |......................................................           |  83%
label: unnamed-chunk-60
  |                                                                         |.........................................................        |  88%
  ordinary text without R code

  |                                                                         |............................................................     |  92%
label: unnamed-chunk-61
  |                                                                         |..............................................................   |  96%
  ordinary text without R code

  |                                                                         |.................................................................| 100%
label: unnamed-chunk-62


  |                                                                         |                                                                 |   0%  |                                                                         |..                                                               |   4%
  ordinary text without R code

  |                                                                         |.....                                                            |   8%
label: unnamed-chunk-63
  |                                                                         |........                                                         |  12%
  ordinary text without R code

  |                                                                         |..........                                                       |  15%
label: unnamed-chunk-64 (with options) 
List of 1
 $ results: chr "asis"

  |                                                                         |............                                                     |  19%
  ordinary text without R code

  |                                                                         |...............                                                  |  23%
label: unnamed-chunk-65
  |                                                                         |..................                                               |  27%
  ordinary text without R code

  |                                                                         |....................                                             |  31%
label: unnamed-chunk-66 (with options) 
List of 1
 $ echo: logi FALSE

  |                                                                         |......................                                           |  35%
  ordinary text without R code

  |                                                                         |.........................                                        |  38%
label: forest1 (with options) 
List of 3
 $ echo      : logi FALSE
 $ fig.width : num 10
 $ fig.height: language h[1]

  |                                                                         |............................                                     |  42%
  ordinary text without R code

  |                                                                         |..............................                                   |  46%
label: forest2 (with options) 
List of 3
 $ echo      : logi FALSE
 $ fig.width : num 10
 $ fig.height: language h[2]

  |                                                                         |................................                                 |  50%
  ordinary text without R code

  |                                                                         |...................................                              |  54%
label: forest3 (with options) 
List of 3
 $ echo      : logi FALSE
 $ fig.width : num 10
 $ fig.height: language h[3]

  |                                                                         |......................................                           |  58%
  ordinary text without R code

  |                                                                         |........................................                         |  62%
label: forest4 (with options) 
List of 3
 $ echo      : logi FALSE
 $ fig.width : num 10
 $ fig.height: language h[4]

  |                                                                         |..........................................                       |  65%
  ordinary text without R code

  |                                                                         |.............................................                    |  69%
label: forest5 (with options) 
List of 3
 $ echo      : logi FALSE
 $ fig.width : num 10
 $ fig.height: language h[5]

  |                                                                         |................................................                 |  73%
  ordinary text without R code

  |                                                                         |..................................................               |  77%
label: forest6 (with options) 
List of 3
 $ echo      : logi FALSE
 $ fig.width : num 10
 $ fig.height: language h[6]

  |                                                                         |....................................................             |  81%
  ordinary text without R code

  |                                                                         |.......................................................          |  85%
label: forest7 (with options) 
List of 3
 $ echo      : logi FALSE
 $ fig.width : num 10
 $ fig.height: language h[7]

  |                                                                         |..........................................................       |  88%
  ordinary text without R code

  |                                                                         |............................................................     |  92%
label: forest8 (with options) 
List of 3
 $ echo      : logi FALSE
 $ fig.width : num 10
 $ fig.height: language h[8]

  |                                                                         |..............................................................   |  96%
  ordinary text without R code

  |                                                                         |.................................................................| 100%
label: funnel (with options) 
List of 1
 $ echo: logi FALSE


  |                                                                         |                                                                 |   0%  |                                                                         |................................                                 |  50%
  ordinary text without R code

  |                                                                         |.................................................................| 100%
label: unnamed-chunk-67 (with options) 
List of 1
 $ echo: logi FALSE



"C:/Program Files/RStudio/bin/pandoc/pandoc" MASTER.utf8.md --to html --from markdown+autolink_bare_uris+ascii_identifiers+tex_math_single_backslash-implicit_figures --output MASTER.html --smart --email-obfuscation none --self-contained --standalone --section-divs --table-of-contents --toc-depth 3 --template "C:\PROGRA~1\RRO\R-32~1.2\library\RMARKD~1\rmd\h\DEFAUL~1.HTM" --number-sections --variable "theme:bootstrap" --include-in-header "C:\Users\chanb\AppData\Local\Temp\Rtmp02k9Ta\rmarkdown-str19d832f21de0.html" --mathjax --variable "mathjax-url:https://cdn.mathjax.org/mathjax/latest/MathJax.js?config=TeX-AMS-MML_HTMLorMML" --no-highlight --variable "highlightjs=C:\PROGRA~1\RRO\R-32~1.2\library\RMARKD~1\rmd\h\HIGHLI~1" 
